cmds only (no pipes no redirections no heredoc)



$ ls
error.c  includes  libft  main.c  Makefile  memo.c  minishell  parsing  string.c
$ 


$ ls -la
total 236
drwxrwxr-x  7 salah salah   4096 Jun  6 22:03 .
drwxr-x--- 22 salah salah   4096 Jun  6 22:05 ..
-rw-rw-r--  1 salah salah    136 Jun  5 23:16 error.c
drwxrwxr-x  8 salah salah   4096 Jun  6 21:10 .git
drwxrwxr-x  2 salah salah   4096 Jun  5 23:16 includes
drwxrwxr-x  2 salah salah   4096 Jun  6 00:11 libft
-rw-rw-r--  1 salah salah   2697 Jun  5 23:28 main.c
-rw-rw-r--  1 salah salah    990 Jun  5 23:16 Makefile
-rw-rw-r--  1 salah salah   1589 Jun  5 23:16 memo.c
-rwxrwxr-x  1 salah salah 185224 Jun  6 00:11 minishell
drwxrwxr-x  2 salah salah   4096 Jun  5 23:16 parsing
-rw-rw-r--  1 salah salah   1314 Jun  5 23:16 string.c
-rw-rw-r--  1 salah salah    463 Jun  6 22:21 tests.txt
drwxrwxr-x  2 salah salah   4096 Jun  5 23:16 .vscode
$ 


$ ls  -la  # TAB instead of space
total 236
drwxrwxr-x  7 salah salah   4096 Jun  6 22:03 .
drwxr-x--- 22 salah salah   4096 Jun  6 22:05 ..
-rw-rw-r--  1 salah salah    136 Jun  5 23:16 error.c
drwxrwxr-x  8 salah salah   4096 Jun  6 21:10 .git
drwxrwxr-x  2 salah salah   4096 Jun  5 23:16 includes
drwxrwxr-x  2 salah salah   4096 Jun  6 00:11 libft
-rw-rw-r--  1 salah salah   2697 Jun  5 23:28 main.c
-rw-rw-r--  1 salah salah    990 Jun  5 23:16 Makefile
-rw-rw-r--  1 salah salah   1589 Jun  5 23:16 memo.c
-rwxrwxr-x  1 salah salah 185224 Jun  6 00:11 minishell
drwxrwxr-x  2 salah salah   4096 Jun  5 23:16 parsing
-rw-rw-r--  1 salah salah   1314 Jun  5 23:16 string.c
-rw-rw-r--  1 salah salah   2812 Jun  6 22:25 tests.txt
drwxrwxr-x  2 salah salah   4096 Jun  5 23:16 .vscode
$ 


$ lsa
Command '' not found
$ 


$ ""
Command '' not found
$ 


$ .
bash: .: filename argument required
$


$ "ls"
error.c   libft   Makefile  minishell  string.c
includes  main.c  memo.c    parsing    tests.txt
$ "ls -la"
ls -la: command not found
$ 


$ ls *
error.c  main.c  Makefile  memo.c  minishell  string.c  tests.txt

includes:
main.h  memo.h  parsing.h

libft:
ft_atoi.c     ft_itoa.c                ft_memcpy.o      ft_strchr.o    ft_strncmp.o
ft_atoi.o     ft_itoa.o                ft_memmove.c     ft_strdup.c    ft_strnstr.c
ft_bzero.c    ft_lstadd_back_bonus.c   ft_memmove.o     ft_strdup.o    ft_strnstr.o
ft_bzero.o    ft_lstadd_front_bonus.c  ft_memset.c      ft_striteri.c  ft_strrchr.c
ft_calloc.c   ft_lstclear_bonus.c      ft_memset.o      ft_striteri.o  ft_strrchr.o
ft_calloc.o   ft_lstdelone_bonus.c     ft_putchar_fd.c  ft_strjoin.c   ft_strtrim.c
ft_isalnum.c  ft_lstiter_bonus.c       ft_putchar_fd.o  ft_strjoin.o   ft_strtrim.o
ft_isalnum.o  ft_lstlast_bonus.c       ft_putendl_fd.c  ft_strlcat.c   ft_substr.c
ft_isalpha.c  ft_lstmap_bonus.c        ft_putendl_fd.o  ft_strlcat.o   ft_substr.o
ft_isalpha.o  ft_lstnew_bonus.c        ft_putnbr_fd.c   ft_strlcpy.c   ft_tolower.c
ft_isascii.c  ft_lstsize_bonus.c       ft_putnbr_fd.o   ft_strlcpy.o   ft_tolower.o
ft_isascii.o  ft_memchr.c              ft_putstr_fd.c   ft_strlen.c    ft_toupper.c
ft_isdigit.c  ft_memchr.o              ft_putstr_fd.o   ft_strlen.o    ft_toupper.o
ft_isdigit.o  ft_memcmp.c              ft_split.c       ft_strmapi.c   libft.a
ft_isprint.c  ft_memcmp.o              ft_split.o       ft_strmapi.o   libft.h
ft_isprint.o  ft_memcpy.c              ft_strchr.c      ft_strncmp.c   Makefile

parsing:
expanding.c  op.c         paranths.c  quoting.c        split.c
nodes.c      paranths2.c  parser.c    quoting_utils.c
$ 


$ "ls *"
ls *: command not found
$


$ ls >salah  # redirects to salah
$ ls ">salah" # runs ls on file ">salah"
'>salah'
$ 


$ ls > *
bash: *: ambiguous redirect
$ 


